// Jest Snapshot v1, https://goo.gl/fbAQLP

exports[`Popup Should mount the Popup 1`] = `
<div
  className="MuiPaper-root MuiCard-root makeStyles-container-1 MuiPaper-elevation1 MuiPaper-rounded"
>
  <div
    className="MuiBox-root MuiBox-root-9 makeStyles-header-3"
  >
    <a
      className="makeStyles-link-6"
      rel="noreferrer"
      target="_blank"
    >
      <img
        className="makeStyles-img-5"
        src="/ycai-logo.svg"
      />
    </a>
  </div>
  <div
    className="MuiPaper-root MuiAlert-root MuiAlert-standardInfo MuiPaper-elevation0"
    role="alert"
  >
    <div
      className="MuiAlert-icon"
    >
      <svg
        aria-hidden={true}
        className="MuiSvgIcon-root MuiSvgIcon-fontSizeInherit"
        focusable="false"
        viewBox="0 0 24 24"
      >
        <path
          d="M11,9H13V7H11M12,20C7.59,20 4,16.41 4,12C4,7.59 7.59,4 12,4C16.41,4 20,7.59 20, 12C20,16.41 16.41,20 12,20M12,2A10,10 0 0,0 2,12A10,10 0 0,0 12,22A10,10 0 0,0 22,12A10, 10 0 0,0 12,2M11,17H13V11H11V17Z"
        />
      </svg>
    </div>
    <div
      className="MuiAlert-message"
    >
      <div
        className="MuiTypography-root MuiAlertTitle-root MuiTypography-body1 MuiTypography-gutterBottom"
      >
        Loading settings...
      </div>
      <strong>
        Access
         
        <a
          href="https://www.youtube.com"
          rel="noreferrer"
          target="_blank"
        >
          youtube.com
        </a>
        .
      </strong>
    </div>
  </div>
</div>
`;
