// Jest Snapshot v1, https://goo.gl/fbAQLP

exports[`Dashboard Should mount the dashboard 1`] = `
<div
  style={
    Object {
      "alignItems": "center",
      "display": "flex",
      "height": "100%",
      "justifyContent": "center",
      "minHeight": 600,
      "textAlign": "center",
      "width": "100%",
    }
  }
>
  <div
    className="MuiCircularProgress-root MuiCircularProgress-colorPrimary MuiCircularProgress-indeterminate"
    role="progressbar"
    style={
      Object {
        "height": 40,
        "width": 40,
      }
    }
  >
    <svg
      className="MuiCircularProgress-svg"
      viewBox="22 22 44 44"
    >
      <circle
        className="MuiCircularProgress-circle MuiCircularProgress-circleIndeterminate"
        cx={44}
        cy={44}
        fill="none"
        r={20.2}
        strokeWidth={3.6}
        style={Object {}}
      />
    </svg>
  </div>
</div>
`;
