[
  {
    "description": "anna ho una idea stupenda per un video gi:",
    "music": "suono originale - EMANUELE PINGU 🐧"
  },
  {
    "description": "no perché non potrei superarla #perte",
    "music": "original sound - Natalie✰ఌ"
  },
  {
    "description": "Anche i vostri #gatti bevono così? 😝 IG: filippotheonlyonered",
    "music": "Anche i vostri #gatti bevono così? 😝 IG: filippotheonlyonered #fypage #gattorosso #funnyvideo #neiperte"
  }
]
